<?xml version="1.0" encoding="UTF-8"?><mappingRoot xmlns="http://www.ibm.com/2008/ccl/Mapping" domainID="com.ibm.msl.mapping.xml" domainIDExtension="mb" mainMap="true" targetNamespace="default" version="8.0.5.0" xmlns:map="default">
    <input path="/FirstLastNames.xsd"/>
    <output path="/calculator_InlineSchema1.xsd"/>
    <imports>
        <import kind="esql" namespace="/mapLogging/bctMapLog.esql"/>
    </imports>
    <namespaces>
        <namespace kind="supplement" prefix="out" uri="http://www.parasoft.com/wsdl/calculator/"/>
        <namespace kind="extension" prefix="bctMapLog" uri="/mapLogging/bctMapLog.esql"/>
    </namespaces>
    <generation engine="xquery"/>
    <mappingDeclaration name="TestSoap_Example_Mapping2">
        <input path="mb:msg(FirstLastNames,assembly,DFDL,Properties)" var="ComIbmMessageAssembly_FirstLastNames"/>
        <output namespace="http://www.parasoft.com/wsdl/calculator/" path="mb:msg(subtractResponse,assembly,XMLNSC,Properties)" var="ComIbmMessageAssembly_subtractResponse"/>
        <move>
            <input path="$ComIbmMessageAssembly_FirstLastNames/Properties"/>
            <output path="$ComIbmMessageAssembly_subtractResponse/Properties"/>
        </move>
        <customFunction lang="esql" ref="bctMapLog:mbMapCalLog">
            <input path="$ComIbmMessageAssembly_FirstLastNames/FirstLastNames/record[1]/Age" var="Age"/>
            <output path="$ComIbmMessageAssembly_subtractResponse/subtractResponse/Result"/>
            <param name="logRef" value="$Age"/>
        </customFunction>
    </mappingDeclaration>
</mappingRoot>